// Jest Snapshot v1, https://goo.gl/fbAQLP

exports[`should render ExpenseList with empty message 1`] = `
<div>
  <p>
     No Expenses 
  </p>
</div>
`;

exports[`should render ExpenseList with expenses 1`] = `<div />`;
